{
  error: MongoParseError: Invalid scheme, expected connection string to start with "mongodb://" or "mongodb+srv://"
      at new ConnectionString (C:\hamza\sentos\node\learnitynodejs\shopapp\node_modules\mongodb-connection-string-url\lib\index.js:86:19)
      at parseOptions (C:\hamza\sentos\node\learnitynodejs\shopapp\node_modules\mongodb\lib\connection_string.js:209:17)
      at new MongoClient (C:\hamza\sentos\node\learnitynodejs\shopapp\node_modules\mongodb\lib\mongo_client.js:65:63)
      at C:\hamza\sentos\node\learnitynodejs\shopapp\node_modules\mongoose\lib\connection.js:801:16
      at new Promise (<anonymous>)
      at Connection.openUri (C:\hamza\sentos\node\learnitynodejs\shopapp\node_modules\mongoose\lib\connection.js:798:19)
      at C:\hamza\sentos\node\learnitynodejs\shopapp\node_modules\mongoose\lib\index.js:381:10
      at C:\hamza\sentos\node\learnitynodejs\shopapp\node_modules\mongoose\lib\helpers\promiseOrCallback.js:41:5
      at new Promise (<anonymous>)
      at promiseOrCallback (C:\hamza\sentos\node\learnitynodejs\shopapp\node_modules\mongoose\lib\helpers\promiseOrCallback.js:40:10),
  level: 'error',
  message: 'unhandledRejection: Invalid scheme, expected connection string to start with "mongodb://" or "mongodb+srv://"\n' +
    'MongoParseError: Invalid scheme, expected connection string to start with "mongodb://" or "mongodb+srv://"\n' +
    '    at new ConnectionString (C:\\hamza\\sentos\\node\\learnitynodejs\\shopapp\\node_modules\\mongodb-connection-string-url\\lib\\index.js:86:19)\n' +
    '    at parseOptions (C:\\hamza\\sentos\\node\\learnitynodejs\\shopapp\\node_modules\\mongodb\\lib\\connection_string.js:209:17)\n' +
    '    at new MongoClient (C:\\hamza\\sentos\\node\\learnitynodejs\\shopapp\\node_modules\\mongodb\\lib\\mongo_client.js:65:63)\n' +
    '    at C:\\hamza\\sentos\\node\\learnitynodejs\\shopapp\\node_modules\\mongoose\\lib\\connection.js:801:16\n' +
    '    at new Promise (<anonymous>)\n' +
    '    at Connection.openUri (C:\\hamza\\sentos\\node\\learnitynodejs\\shopapp\\node_modules\\mongoose\\lib\\connection.js:798:19)\n' +
    '    at C:\\hamza\\sentos\\node\\learnitynodejs\\shopapp\\node_modules\\mongoose\\lib\\index.js:381:10\n' +
    '    at C:\\hamza\\sentos\\node\\learnitynodejs\\shopapp\\node_modules\\mongoose\\lib\\helpers\\promiseOrCallback.js:41:5\n' +
    '    at new Promise (<anonymous>)\n' +
    '    at promiseOrCallback (C:\\hamza\\sentos\\node\\learnitynodejs\\shopapp\\node_modules\\mongoose\\lib\\helpers\\promiseOrCallback.js:40:10)',
  stack: 'MongoParseError: Invalid scheme, expected connection string to start with "mongodb://" or "mongodb+srv://"\n' +
    '    at new ConnectionString (C:\\hamza\\sentos\\node\\learnitynodejs\\shopapp\\node_modules\\mongodb-connection-string-url\\lib\\index.js:86:19)\n' +
    '    at parseOptions (C:\\hamza\\sentos\\node\\learnitynodejs\\shopapp\\node_modules\\mongodb\\lib\\connection_string.js:209:17)\n' +
    '    at new MongoClient (C:\\hamza\\sentos\\node\\learnitynodejs\\shopapp\\node_modules\\mongodb\\lib\\mongo_client.js:65:63)\n' +
    '    at C:\\hamza\\sentos\\node\\learnitynodejs\\shopapp\\node_modules\\mongoose\\lib\\connection.js:801:16\n' +
    '    at new Promise (<anonymous>)\n' +
    '    at Connection.openUri (C:\\hamza\\sentos\\node\\learnitynodejs\\shopapp\\node_modules\\mongoose\\lib\\connection.js:798:19)\n' +
    '    at C:\\hamza\\sentos\\node\\learnitynodejs\\shopapp\\node_modules\\mongoose\\lib\\index.js:381:10\n' +
    '    at C:\\hamza\\sentos\\node\\learnitynodejs\\shopapp\\node_modules\\mongoose\\lib\\helpers\\promiseOrCallback.js:41:5\n' +
    '    at new Promise (<anonymous>)\n' +
    '    at promiseOrCallback (C:\\hamza\\sentos\\node\\learnitynodejs\\shopapp\\node_modules\\mongoose\\lib\\helpers\\promiseOrCallback.js:40:10)',
  exception: true,
  date: 'Mon Sep 29 2025 10:46:05 GMT+0300 (GMT+03:00)',
  process: {
    pid: 8412,
    uid: null,
    gid: null,
    cwd: 'C:\\hamza\\sentos\\node\\learnitynodejs\\shopapp',
    execPath: 'C:\\nvm4w\\nodejs\\node.exe',
    version: 'v22.17.0',
    argv: [
      'C:\\nvm4w\\nodejs\\node.exe',
      'C:\\hamza\\sentos\\node\\learnitynodejs\\shopapp\\app.js'
    ],
    memoryUsage: {
      rss: 81952768,
      heapTotal: 60284928,
      heapUsed: 28334192,
      external: 38526502,
      arrayBuffers: 36090271
    }
  },
  os: { loadavg: [ 0, 0, 0 ], uptime: 268676.375 },
  trace: [
    {
      column: 19,
      file: 'C:\\hamza\\sentos\\node\\learnitynodejs\\shopapp\\node_modules\\mongodb-connection-string-url\\lib\\index.js',
      function: 'new ConnectionString',
      line: 86,
      method: null,
      native: false
    },
    {
      column: 17,
      file: 'C:\\hamza\\sentos\\node\\learnitynodejs\\shopapp\\node_modules\\mongodb\\lib\\connection_string.js',
      function: 'parseOptions',
      line: 209,
      method: null,
      native: false
    },
    {
      column: 63,
      file: 'C:\\hamza\\sentos\\node\\learnitynodejs\\shopapp\\node_modules\\mongodb\\lib\\mongo_client.js',
      function: 'new MongoClient',
      line: 65,
      method: null,
      native: false
    },
    {
      column: 16,
      file: 'C:\\hamza\\sentos\\node\\learnitynodejs\\shopapp\\node_modules\\mongoose\\lib\\connection.js',
      function: null,
      line: 801,
      method: null,
      native: false
    },
    {
      column: null,
      file: null,
      function: 'new Promise',
      line: null,
      method: null,
      native: false
    },
    {
      column: 19,
      file: 'C:\\hamza\\sentos\\node\\learnitynodejs\\shopapp\\node_modules\\mongoose\\lib\\connection.js',
      function: 'Connection.openUri',
      line: 798,
      method: 'openUri',
      native: false
    },
    {
      column: 10,
      file: 'C:\\hamza\\sentos\\node\\learnitynodejs\\shopapp\\node_modules\\mongoose\\lib\\index.js',
      function: null,
      line: 381,
      method: null,
      native: false
    },
    {
      column: 5,
      file: 'C:\\hamza\\sentos\\node\\learnitynodejs\\shopapp\\node_modules\\mongoose\\lib\\helpers\\promiseOrCallback.js',
      function: null,
      line: 41,
      method: null,
      native: false
    },
    {
      column: null,
      file: null,
      function: 'new Promise',
      line: null,
      method: null,
      native: false
    },
    {
      column: 10,
      file: 'C:\\hamza\\sentos\\node\\learnitynodejs\\shopapp\\node_modules\\mongoose\\lib\\helpers\\promiseOrCallback.js',
      function: 'promiseOrCallback',
      line: 40,
      method: null,
      native: false
    }
  ],
  timestamp: 'Sep-29-2025 10:46:05'
}
{
  expose: true,
  statusCode: 400,
  status: 400,
  body: '{\r\n' +
    '    "name": "Samsung Galaxy S26",\r\n' +
    '    "price": 65000,\r\n' +
    '    "description": "Yeni nesil yapay zeka özelliklerine sahip amiral gemisi telefon.",\r\n' +
    '    "imageUrl": "s26.jpg",\r\n' +
    '    "isActive": true,\r\n' +
    '    "category": "6328a8d7e4b0e8a7e0e2f8a1",\r\n' +
    '     \r\n' +
    '}',
  type: 'entity.parse.failed',
  level: 'error',
  message: 'Expected double-quoted property name in JSON at position 250 (line 9 column 1) Expected double-quoted property name in JSON at position 250 (line 9 column 1)',
  stack: 'SyntaxError: Expected double-quoted property name in JSON at position 250 (line 9 column 1)\n' +
    '    at JSON.parse (<anonymous>)\n' +
    '    at parse (C:\\hamza\\sentos\\node\\learnitynodejs\\shopapp\\node_modules\\body-parser\\lib\\types\\json.js:89:19)\n' +
    '    at C:\\hamza\\sentos\\node\\learnitynodejs\\shopapp\\node_modules\\body-parser\\lib\\read.js:128:18\n' +
    '    at AsyncResource.runInAsyncScope (node:async_hooks:214:14)\n' +
    '    at invokeCallback (C:\\hamza\\sentos\\node\\learnitynodejs\\shopapp\\node_modules\\raw-body\\index.js:231:16)\n' +
    '    at done (C:\\hamza\\sentos\\node\\learnitynodejs\\shopapp\\node_modules\\raw-body\\index.js:220:7)\n' +
    '    at IncomingMessage.onEnd (C:\\hamza\\sentos\\node\\learnitynodejs\\shopapp\\node_modules\\raw-body\\index.js:280:7)\n' +
    '    at IncomingMessage.emit (node:events:518:28)\n' +
    '    at endReadableNT (node:internal/streams/readable:1698:12)\n' +
    '    at process.processTicksAndRejections (node:internal/process/task_queues:90:21)',
  timestamp: 'Sep-29-2025 11:50:06'
}
{
  level: 'error',
  message: 'Configuration property "jwtPrivateKey" is not defined Configuration property "jwtPrivateKey" is not defined',
  stack: 'Error: Configuration property "jwtPrivateKey" is not defined\n' +
    '    at Config.get (C:\\hamza\\sentos\\node\\learnitynodejs\\shopapp\\node_modules\\config\\lib\\config.js:179:11)\n' +
    '    at module.exports (C:\\hamza\\sentos\\node\\learnitynodejs\\shopapp\\middleware\\auth.js:19:63)\n' +
    '    at newFn (C:\\hamza\\sentos\\node\\learnitynodejs\\shopapp\\node_modules\\express-async-errors\\index.js:16:20)\n' +
    '    at Layer.handle [as handle_request] (C:\\hamza\\sentos\\node\\learnitynodejs\\shopapp\\node_modules\\express\\lib\\router\\layer.js:95:5)\n' +
    '    at next (C:\\hamza\\sentos\\node\\learnitynodejs\\shopapp\\node_modules\\express\\lib\\router\\route.js:144:13)\n' +
    '    at Route.dispatch (C:\\hamza\\sentos\\node\\learnitynodejs\\shopapp\\node_modules\\express\\lib\\router\\route.js:114:3)\n' +
    '    at newFn (C:\\hamza\\sentos\\node\\learnitynodejs\\shopapp\\node_modules\\express-async-errors\\index.js:16:20)\n' +
    '    at Layer.handle [as handle_request] (C:\\hamza\\sentos\\node\\learnitynodejs\\shopapp\\node_modules\\express\\lib\\router\\layer.js:95:5)\n' +
    '    at C:\\hamza\\sentos\\node\\learnitynodejs\\shopapp\\node_modules\\express\\lib\\router\\index.js:284:15\n' +
    '    at Function.process_params (C:\\hamza\\sentos\\node\\learnitynodejs\\shopapp\\node_modules\\express\\lib\\router\\index.js:346:12)',
  timestamp: 'Sep-29-2025 12:04:55'
}
{
  level: 'error',
  message: 'Configuration property "jwtPrivateKey" is not defined Configuration property "jwtPrivateKey" is not defined',
  stack: 'Error: Configuration property "jwtPrivateKey" is not defined\n' +
    '    at Config.get (C:\\hamza\\sentos\\node\\learnitynodejs\\shopapp\\node_modules\\config\\lib\\config.js:179:11)\n' +
    '    at module.exports (C:\\hamza\\sentos\\node\\learnitynodejs\\shopapp\\middleware\\auth.js:19:63)\n' +
    '    at newFn (C:\\hamza\\sentos\\node\\learnitynodejs\\shopapp\\node_modules\\express-async-errors\\index.js:16:20)\n' +
    '    at Layer.handle [as handle_request] (C:\\hamza\\sentos\\node\\learnitynodejs\\shopapp\\node_modules\\express\\lib\\router\\layer.js:95:5)\n' +
    '    at next (C:\\hamza\\sentos\\node\\learnitynodejs\\shopapp\\node_modules\\express\\lib\\router\\route.js:144:13)\n' +
    '    at Route.dispatch (C:\\hamza\\sentos\\node\\learnitynodejs\\shopapp\\node_modules\\express\\lib\\router\\route.js:114:3)\n' +
    '    at newFn (C:\\hamza\\sentos\\node\\learnitynodejs\\shopapp\\node_modules\\express-async-errors\\index.js:16:20)\n' +
    '    at Layer.handle [as handle_request] (C:\\hamza\\sentos\\node\\learnitynodejs\\shopapp\\node_modules\\express\\lib\\router\\layer.js:95:5)\n' +
    '    at C:\\hamza\\sentos\\node\\learnitynodejs\\shopapp\\node_modules\\express\\lib\\router\\index.js:284:15\n' +
    '    at Function.process_params (C:\\hamza\\sentos\\node\\learnitynodejs\\shopapp\\node_modules\\express\\lib\\router\\index.js:346:12)',
  timestamp: 'Sep-29-2025 12:48:59'
}
{
  level: 'error',
  message: 'Configuration property "jwtPrivateKey" is not defined Configuration property "jwtPrivateKey" is not defined',
  stack: 'Error: Configuration property "jwtPrivateKey" is not defined\n' +
    '    at Config.get (C:\\hamza\\sentos\\node\\learnitynodejs\\shopapp\\node_modules\\config\\lib\\config.js:179:11)\n' +
    '    at module.exports (C:\\hamza\\sentos\\node\\learnitynodejs\\shopapp\\middleware\\auth.js:19:63)\n' +
    '    at newFn (C:\\hamza\\sentos\\node\\learnitynodejs\\shopapp\\node_modules\\express-async-errors\\index.js:16:20)\n' +
    '    at Layer.handle [as handle_request] (C:\\hamza\\sentos\\node\\learnitynodejs\\shopapp\\node_modules\\express\\lib\\router\\layer.js:95:5)\n' +
    '    at next (C:\\hamza\\sentos\\node\\learnitynodejs\\shopapp\\node_modules\\express\\lib\\router\\route.js:144:13)\n' +
    '    at Route.dispatch (C:\\hamza\\sentos\\node\\learnitynodejs\\shopapp\\node_modules\\express\\lib\\router\\route.js:114:3)\n' +
    '    at newFn (C:\\hamza\\sentos\\node\\learnitynodejs\\shopapp\\node_modules\\express-async-errors\\index.js:16:20)\n' +
    '    at Layer.handle [as handle_request] (C:\\hamza\\sentos\\node\\learnitynodejs\\shopapp\\node_modules\\express\\lib\\router\\layer.js:95:5)\n' +
    '    at C:\\hamza\\sentos\\node\\learnitynodejs\\shopapp\\node_modules\\express\\lib\\router\\index.js:284:15\n' +
    '    at Function.process_params (C:\\hamza\\sentos\\node\\learnitynodejs\\shopapp\\node_modules\\express\\lib\\router\\index.js:346:12)',
  timestamp: 'Sep-29-2025 12:49:03'
}
{
  level: 'error',
  message: 'Configuration property "jwtPrivateKey" is not defined Configuration property "jwtPrivateKey" is not defined',
  stack: 'Error: Configuration property "jwtPrivateKey" is not defined\n' +
    '    at Config.get (C:\\hamza\\sentos\\node\\learnitynodejs\\shopapp\\node_modules\\config\\lib\\config.js:179:11)\n' +
    '    at module.exports (C:\\hamza\\sentos\\node\\learnitynodejs\\shopapp\\middleware\\auth.js:19:63)\n' +
    '    at newFn (C:\\hamza\\sentos\\node\\learnitynodejs\\shopapp\\node_modules\\express-async-errors\\index.js:16:20)\n' +
    '    at Layer.handle [as handle_request] (C:\\hamza\\sentos\\node\\learnitynodejs\\shopapp\\node_modules\\express\\lib\\router\\layer.js:95:5)\n' +
    '    at next (C:\\hamza\\sentos\\node\\learnitynodejs\\shopapp\\node_modules\\express\\lib\\router\\route.js:144:13)\n' +
    '    at Route.dispatch (C:\\hamza\\sentos\\node\\learnitynodejs\\shopapp\\node_modules\\express\\lib\\router\\route.js:114:3)\n' +
    '    at newFn (C:\\hamza\\sentos\\node\\learnitynodejs\\shopapp\\node_modules\\express-async-errors\\index.js:16:20)\n' +
    '    at Layer.handle [as handle_request] (C:\\hamza\\sentos\\node\\learnitynodejs\\shopapp\\node_modules\\express\\lib\\router\\layer.js:95:5)\n' +
    '    at C:\\hamza\\sentos\\node\\learnitynodejs\\shopapp\\node_modules\\express\\lib\\router\\index.js:284:15\n' +
    '    at Function.process_params (C:\\hamza\\sentos\\node\\learnitynodejs\\shopapp\\node_modules\\express\\lib\\router\\index.js:346:12)',
  timestamp: 'Sep-29-2025 12:49:58'
}
{
  level: 'error',
  message: 'Configuration property "jwtPrivateKey" is not defined Configuration property "jwtPrivateKey" is not defined',
  stack: 'Error: Configuration property "jwtPrivateKey" is not defined\n' +
    '    at Config.get (C:\\hamza\\sentos\\node\\learnitynodejs\\shopapp\\node_modules\\config\\lib\\config.js:179:11)\n' +
    '    at module.exports (C:\\hamza\\sentos\\node\\learnitynodejs\\shopapp\\middleware\\auth.js:19:63)\n' +
    '    at newFn (C:\\hamza\\sentos\\node\\learnitynodejs\\shopapp\\node_modules\\express-async-errors\\index.js:16:20)\n' +
    '    at Layer.handle [as handle_request] (C:\\hamza\\sentos\\node\\learnitynodejs\\shopapp\\node_modules\\express\\lib\\router\\layer.js:95:5)\n' +
    '    at next (C:\\hamza\\sentos\\node\\learnitynodejs\\shopapp\\node_modules\\express\\lib\\router\\route.js:144:13)\n' +
    '    at Route.dispatch (C:\\hamza\\sentos\\node\\learnitynodejs\\shopapp\\node_modules\\express\\lib\\router\\route.js:114:3)\n' +
    '    at newFn (C:\\hamza\\sentos\\node\\learnitynodejs\\shopapp\\node_modules\\express-async-errors\\index.js:16:20)\n' +
    '    at Layer.handle [as handle_request] (C:\\hamza\\sentos\\node\\learnitynodejs\\shopapp\\node_modules\\express\\lib\\router\\layer.js:95:5)\n' +
    '    at C:\\hamza\\sentos\\node\\learnitynodejs\\shopapp\\node_modules\\express\\lib\\router\\index.js:284:15\n' +
    '    at Function.process_params (C:\\hamza\\sentos\\node\\learnitynodejs\\shopapp\\node_modules\\express\\lib\\router\\index.js:346:12)',
  timestamp: 'Sep-29-2025 12:50:00'
}
{
  level: 'error',
  message: 'Configuration property "jwtPrivateKey" is not defined Configuration property "jwtPrivateKey" is not defined',
  stack: 'Error: Configuration property "jwtPrivateKey" is not defined\n' +
    '    at Config.get (C:\\hamza\\sentos\\node\\learnitynodejs\\shopapp\\node_modules\\config\\lib\\config.js:179:11)\n' +
    '    at module.exports (C:\\hamza\\sentos\\node\\learnitynodejs\\shopapp\\middleware\\auth.js:19:63)\n' +
    '    at newFn (C:\\hamza\\sentos\\node\\learnitynodejs\\shopapp\\node_modules\\express-async-errors\\index.js:16:20)\n' +
    '    at Layer.handle [as handle_request] (C:\\hamza\\sentos\\node\\learnitynodejs\\shopapp\\node_modules\\express\\lib\\router\\layer.js:95:5)\n' +
    '    at next (C:\\hamza\\sentos\\node\\learnitynodejs\\shopapp\\node_modules\\express\\lib\\router\\route.js:144:13)\n' +
    '    at Route.dispatch (C:\\hamza\\sentos\\node\\learnitynodejs\\shopapp\\node_modules\\express\\lib\\router\\route.js:114:3)\n' +
    '    at newFn (C:\\hamza\\sentos\\node\\learnitynodejs\\shopapp\\node_modules\\express-async-errors\\index.js:16:20)\n' +
    '    at Layer.handle [as handle_request] (C:\\hamza\\sentos\\node\\learnitynodejs\\shopapp\\node_modules\\express\\lib\\router\\layer.js:95:5)\n' +
    '    at C:\\hamza\\sentos\\node\\learnitynodejs\\shopapp\\node_modules\\express\\lib\\router\\index.js:284:15\n' +
    '    at Function.process_params (C:\\hamza\\sentos\\node\\learnitynodejs\\shopapp\\node_modules\\express\\lib\\router\\index.js:346:12)',
  timestamp: 'Sep-29-2025 12:50:28'
}
{
  level: 'error',
  message: 'Configuration property "jwtPrivateKey" is not defined Configuration property "jwtPrivateKey" is not defined',
  stack: 'Error: Configuration property "jwtPrivateKey" is not defined\n' +
    '    at Config.get (C:\\hamza\\sentos\\node\\learnitynodejs\\shopapp\\node_modules\\config\\lib\\config.js:179:11)\n' +
    '    at module.exports (C:\\hamza\\sentos\\node\\learnitynodejs\\shopapp\\middleware\\auth.js:19:63)\n' +
    '    at newFn (C:\\hamza\\sentos\\node\\learnitynodejs\\shopapp\\node_modules\\express-async-errors\\index.js:16:20)\n' +
    '    at Layer.handle [as handle_request] (C:\\hamza\\sentos\\node\\learnitynodejs\\shopapp\\node_modules\\express\\lib\\router\\layer.js:95:5)\n' +
    '    at next (C:\\hamza\\sentos\\node\\learnitynodejs\\shopapp\\node_modules\\express\\lib\\router\\route.js:144:13)\n' +
    '    at Route.dispatch (C:\\hamza\\sentos\\node\\learnitynodejs\\shopapp\\node_modules\\express\\lib\\router\\route.js:114:3)\n' +
    '    at newFn (C:\\hamza\\sentos\\node\\learnitynodejs\\shopapp\\node_modules\\express-async-errors\\index.js:16:20)\n' +
    '    at Layer.handle [as handle_request] (C:\\hamza\\sentos\\node\\learnitynodejs\\shopapp\\node_modules\\express\\lib\\router\\layer.js:95:5)\n' +
    '    at C:\\hamza\\sentos\\node\\learnitynodejs\\shopapp\\node_modules\\express\\lib\\router\\index.js:284:15\n' +
    '    at Function.process_params (C:\\hamza\\sentos\\node\\learnitynodejs\\shopapp\\node_modules\\express\\lib\\router\\index.js:346:12)',
  timestamp: 'Sep-29-2025 12:50:52'
}
