{
  expose: true,
  statusCode: 400,
  status: 400,
  body: '{\r\n' +
    '    "name": "Samsung Galaxy S26",\r\n' +
    '    "price": 65000,\r\n' +
    '    "description": "Yeni nesil yapay zeka özelliklerine sahip amiral gemisi telefon.",\r\n' +
    '    "imageUrl": "s26.jpg",\r\n' +
    '    "isActive": true,\r\n' +
    '    "category": "6328a8d7e4b0e8a7e0e2f8a1",\r\n' +
    '     \r\n' +
    '}',
  type: 'entity.parse.failed',
  level: 'error',
  message: 'Expected double-quoted property name in JSON at position 250 (line 9 column 1) Expected double-quoted property name in JSON at position 250 (line 9 column 1)',
  stack: 'SyntaxError: Expected double-quoted property name in JSON at position 250 (line 9 column 1)\n' +
    '    at JSON.parse (<anonymous>)\n' +
    '    at parse (C:\\hamza\\sentos\\node\\learnitynodejs\\shopapp\\node_modules\\body-parser\\lib\\types\\json.js:89:19)\n' +
    '    at C:\\hamza\\sentos\\node\\learnitynodejs\\shopapp\\node_modules\\body-parser\\lib\\read.js:128:18\n' +
    '    at AsyncResource.runInAsyncScope (node:async_hooks:214:14)\n' +
    '    at invokeCallback (C:\\hamza\\sentos\\node\\learnitynodejs\\shopapp\\node_modules\\raw-body\\index.js:231:16)\n' +
    '    at done (C:\\hamza\\sentos\\node\\learnitynodejs\\shopapp\\node_modules\\raw-body\\index.js:220:7)\n' +
    '    at IncomingMessage.onEnd (C:\\hamza\\sentos\\node\\learnitynodejs\\shopapp\\node_modules\\raw-body\\index.js:280:7)\n' +
    '    at IncomingMessage.emit (node:events:518:28)\n' +
    '    at endReadableNT (node:internal/streams/readable:1698:12)\n' +
    '    at process.processTicksAndRejections (node:internal/process/task_queues:90:21)',
  timestamp: 'Sep-29-2025 11:50:06'
}
{
  level: 'error',
  message: 'Configuration property "jwtPrivateKey" is not defined Configuration property "jwtPrivateKey" is not defined',
  stack: 'Error: Configuration property "jwtPrivateKey" is not defined\n' +
    '    at Config.get (C:\\hamza\\sentos\\node\\learnitynodejs\\shopapp\\node_modules\\config\\lib\\config.js:179:11)\n' +
    '    at module.exports (C:\\hamza\\sentos\\node\\learnitynodejs\\shopapp\\middleware\\auth.js:19:63)\n' +
    '    at newFn (C:\\hamza\\sentos\\node\\learnitynodejs\\shopapp\\node_modules\\express-async-errors\\index.js:16:20)\n' +
    '    at Layer.handle [as handle_request] (C:\\hamza\\sentos\\node\\learnitynodejs\\shopapp\\node_modules\\express\\lib\\router\\layer.js:95:5)\n' +
    '    at next (C:\\hamza\\sentos\\node\\learnitynodejs\\shopapp\\node_modules\\express\\lib\\router\\route.js:144:13)\n' +
    '    at Route.dispatch (C:\\hamza\\sentos\\node\\learnitynodejs\\shopapp\\node_modules\\express\\lib\\router\\route.js:114:3)\n' +
    '    at newFn (C:\\hamza\\sentos\\node\\learnitynodejs\\shopapp\\node_modules\\express-async-errors\\index.js:16:20)\n' +
    '    at Layer.handle [as handle_request] (C:\\hamza\\sentos\\node\\learnitynodejs\\shopapp\\node_modules\\express\\lib\\router\\layer.js:95:5)\n' +
    '    at C:\\hamza\\sentos\\node\\learnitynodejs\\shopapp\\node_modules\\express\\lib\\router\\index.js:284:15\n' +
    '    at Function.process_params (C:\\hamza\\sentos\\node\\learnitynodejs\\shopapp\\node_modules\\express\\lib\\router\\index.js:346:12)',
  timestamp: 'Sep-29-2025 12:04:55'
}
{
  level: 'error',
  message: 'Configuration property "jwtPrivateKey" is not defined Configuration property "jwtPrivateKey" is not defined',
  stack: 'Error: Configuration property "jwtPrivateKey" is not defined\n' +
    '    at Config.get (C:\\hamza\\sentos\\node\\learnitynodejs\\shopapp\\node_modules\\config\\lib\\config.js:179:11)\n' +
    '    at module.exports (C:\\hamza\\sentos\\node\\learnitynodejs\\shopapp\\middleware\\auth.js:19:63)\n' +
    '    at newFn (C:\\hamza\\sentos\\node\\learnitynodejs\\shopapp\\node_modules\\express-async-errors\\index.js:16:20)\n' +
    '    at Layer.handle [as handle_request] (C:\\hamza\\sentos\\node\\learnitynodejs\\shopapp\\node_modules\\express\\lib\\router\\layer.js:95:5)\n' +
    '    at next (C:\\hamza\\sentos\\node\\learnitynodejs\\shopapp\\node_modules\\express\\lib\\router\\route.js:144:13)\n' +
    '    at Route.dispatch (C:\\hamza\\sentos\\node\\learnitynodejs\\shopapp\\node_modules\\express\\lib\\router\\route.js:114:3)\n' +
    '    at newFn (C:\\hamza\\sentos\\node\\learnitynodejs\\shopapp\\node_modules\\express-async-errors\\index.js:16:20)\n' +
    '    at Layer.handle [as handle_request] (C:\\hamza\\sentos\\node\\learnitynodejs\\shopapp\\node_modules\\express\\lib\\router\\layer.js:95:5)\n' +
    '    at C:\\hamza\\sentos\\node\\learnitynodejs\\shopapp\\node_modules\\express\\lib\\router\\index.js:284:15\n' +
    '    at Function.process_params (C:\\hamza\\sentos\\node\\learnitynodejs\\shopapp\\node_modules\\express\\lib\\router\\index.js:346:12)',
  timestamp: 'Sep-29-2025 12:48:59'
}
{
  level: 'error',
  message: 'Configuration property "jwtPrivateKey" is not defined Configuration property "jwtPrivateKey" is not defined',
  stack: 'Error: Configuration property "jwtPrivateKey" is not defined\n' +
    '    at Config.get (C:\\hamza\\sentos\\node\\learnitynodejs\\shopapp\\node_modules\\config\\lib\\config.js:179:11)\n' +
    '    at module.exports (C:\\hamza\\sentos\\node\\learnitynodejs\\shopapp\\middleware\\auth.js:19:63)\n' +
    '    at newFn (C:\\hamza\\sentos\\node\\learnitynodejs\\shopapp\\node_modules\\express-async-errors\\index.js:16:20)\n' +
    '    at Layer.handle [as handle_request] (C:\\hamza\\sentos\\node\\learnitynodejs\\shopapp\\node_modules\\express\\lib\\router\\layer.js:95:5)\n' +
    '    at next (C:\\hamza\\sentos\\node\\learnitynodejs\\shopapp\\node_modules\\express\\lib\\router\\route.js:144:13)\n' +
    '    at Route.dispatch (C:\\hamza\\sentos\\node\\learnitynodejs\\shopapp\\node_modules\\express\\lib\\router\\route.js:114:3)\n' +
    '    at newFn (C:\\hamza\\sentos\\node\\learnitynodejs\\shopapp\\node_modules\\express-async-errors\\index.js:16:20)\n' +
    '    at Layer.handle [as handle_request] (C:\\hamza\\sentos\\node\\learnitynodejs\\shopapp\\node_modules\\express\\lib\\router\\layer.js:95:5)\n' +
    '    at C:\\hamza\\sentos\\node\\learnitynodejs\\shopapp\\node_modules\\express\\lib\\router\\index.js:284:15\n' +
    '    at Function.process_params (C:\\hamza\\sentos\\node\\learnitynodejs\\shopapp\\node_modules\\express\\lib\\router\\index.js:346:12)',
  timestamp: 'Sep-29-2025 12:49:03'
}
{
  level: 'error',
  message: 'Configuration property "jwtPrivateKey" is not defined Configuration property "jwtPrivateKey" is not defined',
  stack: 'Error: Configuration property "jwtPrivateKey" is not defined\n' +
    '    at Config.get (C:\\hamza\\sentos\\node\\learnitynodejs\\shopapp\\node_modules\\config\\lib\\config.js:179:11)\n' +
    '    at module.exports (C:\\hamza\\sentos\\node\\learnitynodejs\\shopapp\\middleware\\auth.js:19:63)\n' +
    '    at newFn (C:\\hamza\\sentos\\node\\learnitynodejs\\shopapp\\node_modules\\express-async-errors\\index.js:16:20)\n' +
    '    at Layer.handle [as handle_request] (C:\\hamza\\sentos\\node\\learnitynodejs\\shopapp\\node_modules\\express\\lib\\router\\layer.js:95:5)\n' +
    '    at next (C:\\hamza\\sentos\\node\\learnitynodejs\\shopapp\\node_modules\\express\\lib\\router\\route.js:144:13)\n' +
    '    at Route.dispatch (C:\\hamza\\sentos\\node\\learnitynodejs\\shopapp\\node_modules\\express\\lib\\router\\route.js:114:3)\n' +
    '    at newFn (C:\\hamza\\sentos\\node\\learnitynodejs\\shopapp\\node_modules\\express-async-errors\\index.js:16:20)\n' +
    '    at Layer.handle [as handle_request] (C:\\hamza\\sentos\\node\\learnitynodejs\\shopapp\\node_modules\\express\\lib\\router\\layer.js:95:5)\n' +
    '    at C:\\hamza\\sentos\\node\\learnitynodejs\\shopapp\\node_modules\\express\\lib\\router\\index.js:284:15\n' +
    '    at Function.process_params (C:\\hamza\\sentos\\node\\learnitynodejs\\shopapp\\node_modules\\express\\lib\\router\\index.js:346:12)',
  timestamp: 'Sep-29-2025 12:49:58'
}
{
  level: 'error',
  message: 'Configuration property "jwtPrivateKey" is not defined Configuration property "jwtPrivateKey" is not defined',
  stack: 'Error: Configuration property "jwtPrivateKey" is not defined\n' +
    '    at Config.get (C:\\hamza\\sentos\\node\\learnitynodejs\\shopapp\\node_modules\\config\\lib\\config.js:179:11)\n' +
    '    at module.exports (C:\\hamza\\sentos\\node\\learnitynodejs\\shopapp\\middleware\\auth.js:19:63)\n' +
    '    at newFn (C:\\hamza\\sentos\\node\\learnitynodejs\\shopapp\\node_modules\\express-async-errors\\index.js:16:20)\n' +
    '    at Layer.handle [as handle_request] (C:\\hamza\\sentos\\node\\learnitynodejs\\shopapp\\node_modules\\express\\lib\\router\\layer.js:95:5)\n' +
    '    at next (C:\\hamza\\sentos\\node\\learnitynodejs\\shopapp\\node_modules\\express\\lib\\router\\route.js:144:13)\n' +
    '    at Route.dispatch (C:\\hamza\\sentos\\node\\learnitynodejs\\shopapp\\node_modules\\express\\lib\\router\\route.js:114:3)\n' +
    '    at newFn (C:\\hamza\\sentos\\node\\learnitynodejs\\shopapp\\node_modules\\express-async-errors\\index.js:16:20)\n' +
    '    at Layer.handle [as handle_request] (C:\\hamza\\sentos\\node\\learnitynodejs\\shopapp\\node_modules\\express\\lib\\router\\layer.js:95:5)\n' +
    '    at C:\\hamza\\sentos\\node\\learnitynodejs\\shopapp\\node_modules\\express\\lib\\router\\index.js:284:15\n' +
    '    at Function.process_params (C:\\hamza\\sentos\\node\\learnitynodejs\\shopapp\\node_modules\\express\\lib\\router\\index.js:346:12)',
  timestamp: 'Sep-29-2025 12:50:00'
}
{
  level: 'error',
  message: 'Configuration property "jwtPrivateKey" is not defined Configuration property "jwtPrivateKey" is not defined',
  stack: 'Error: Configuration property "jwtPrivateKey" is not defined\n' +
    '    at Config.get (C:\\hamza\\sentos\\node\\learnitynodejs\\shopapp\\node_modules\\config\\lib\\config.js:179:11)\n' +
    '    at module.exports (C:\\hamza\\sentos\\node\\learnitynodejs\\shopapp\\middleware\\auth.js:19:63)\n' +
    '    at newFn (C:\\hamza\\sentos\\node\\learnitynodejs\\shopapp\\node_modules\\express-async-errors\\index.js:16:20)\n' +
    '    at Layer.handle [as handle_request] (C:\\hamza\\sentos\\node\\learnitynodejs\\shopapp\\node_modules\\express\\lib\\router\\layer.js:95:5)\n' +
    '    at next (C:\\hamza\\sentos\\node\\learnitynodejs\\shopapp\\node_modules\\express\\lib\\router\\route.js:144:13)\n' +
    '    at Route.dispatch (C:\\hamza\\sentos\\node\\learnitynodejs\\shopapp\\node_modules\\express\\lib\\router\\route.js:114:3)\n' +
    '    at newFn (C:\\hamza\\sentos\\node\\learnitynodejs\\shopapp\\node_modules\\express-async-errors\\index.js:16:20)\n' +
    '    at Layer.handle [as handle_request] (C:\\hamza\\sentos\\node\\learnitynodejs\\shopapp\\node_modules\\express\\lib\\router\\layer.js:95:5)\n' +
    '    at C:\\hamza\\sentos\\node\\learnitynodejs\\shopapp\\node_modules\\express\\lib\\router\\index.js:284:15\n' +
    '    at Function.process_params (C:\\hamza\\sentos\\node\\learnitynodejs\\shopapp\\node_modules\\express\\lib\\router\\index.js:346:12)',
  timestamp: 'Sep-29-2025 12:50:28'
}
{
  level: 'error',
  message: 'Configuration property "jwtPrivateKey" is not defined Configuration property "jwtPrivateKey" is not defined',
  stack: 'Error: Configuration property "jwtPrivateKey" is not defined\n' +
    '    at Config.get (C:\\hamza\\sentos\\node\\learnitynodejs\\shopapp\\node_modules\\config\\lib\\config.js:179:11)\n' +
    '    at module.exports (C:\\hamza\\sentos\\node\\learnitynodejs\\shopapp\\middleware\\auth.js:19:63)\n' +
    '    at newFn (C:\\hamza\\sentos\\node\\learnitynodejs\\shopapp\\node_modules\\express-async-errors\\index.js:16:20)\n' +
    '    at Layer.handle [as handle_request] (C:\\hamza\\sentos\\node\\learnitynodejs\\shopapp\\node_modules\\express\\lib\\router\\layer.js:95:5)\n' +
    '    at next (C:\\hamza\\sentos\\node\\learnitynodejs\\shopapp\\node_modules\\express\\lib\\router\\route.js:144:13)\n' +
    '    at Route.dispatch (C:\\hamza\\sentos\\node\\learnitynodejs\\shopapp\\node_modules\\express\\lib\\router\\route.js:114:3)\n' +
    '    at newFn (C:\\hamza\\sentos\\node\\learnitynodejs\\shopapp\\node_modules\\express-async-errors\\index.js:16:20)\n' +
    '    at Layer.handle [as handle_request] (C:\\hamza\\sentos\\node\\learnitynodejs\\shopapp\\node_modules\\express\\lib\\router\\layer.js:95:5)\n' +
    '    at C:\\hamza\\sentos\\node\\learnitynodejs\\shopapp\\node_modules\\express\\lib\\router\\index.js:284:15\n' +
    '    at Function.process_params (C:\\hamza\\sentos\\node\\learnitynodejs\\shopapp\\node_modules\\express\\lib\\router\\index.js:346:12)',
  timestamp: 'Sep-29-2025 12:50:52'
}
